========================================================================
SLURM Job Information
========================================================================
Job ID: 142633
Job Name: pred_blur5
Node: fal014
Start Time: Thu Dec  4 04:14:12 PM EST 2025
Working Directory: /home/ianr22/capstone_materials/bev_implementation/02456-MAFAT
CPUs per task: 1
========================================================================

Loading modules...

Installing required packages...

Loaded modules:

========================================================================
Environment Information
========================================================================
Python version:
Python 3.11.5

PyTorch and CUDA information:
PyTorch version: 2.1.2
CUDA available: True
CUDA version: 12.1
GPU count: 1
GPU 0: NVIDIA A30
GPU Memory: 25.34 GB
NumPy version: 1.25.1
scikit-learn version: 1.3.1
scikit-image version: 0.25.2
matplotlib version: 3.10.7
========================================================================

========================================================================
Prediction Configuration
========================================================================
Blur Level:     blur_5
CSV Path:       ./dataset_v2/train_balanced_general_class.csv
Image Path:     ./blurred_train_images_extreme/blur_5
Model Path:     ./models/100epochs-CPAB-bceloss-lr0.01-momentum0.9.pt
Output Dir:     ./results/balanced_prediction/blur_5_run_142633
Batch Size:     64
Threshold:      0.5
Num Workers:    1
========================================================================

All input files verified

========================================================================
Starting Prediction Script
========================================================================


============================================================
IMAGE CLASSIFICATION PREDICTION - HPC CLUSTER
CPAB Model Inference Pipeline
============================================================


============================================================
PREPROCESSING PIPELINE (CPAB Compatible)
============================================================
1. Load image as numpy array
2. Normalize: divide by 255.0 → range [0, 1]
3. Resize: skimage.transform.resize
   - output_shape=(224, 224)
   - mode='reflect'
   - anti_aliasing=True
4. Take first 3 channels [:, :, :3]
5. Convert to torch tensor (float32)
6. Permute: (H, W, C) → (C, H, W)
7. NO ImageNet normalization applied
============================================================

Using GPU: NVIDIA A30
CUDA Version: 12.1
GPU Memory: 25.34 GB

Output directory: /home/ianr22/capstone_materials/bev_implementation/02456-MAFAT/results/balanced_prediction/blur_5_run_142633
Loading dataset...
Dataset loaded: 1012 samples
Number of classes: 37
Image size: 224x224

Creating dataloader...
  Batch size: 64
  Num workers: 1
Dataloader created (16 batches)

Loading model...
Loading model from: ./models/100epochs-CPAB-bceloss-lr0.01-momentum0.9.pt
  Format: Full model object (type: ResNet)
  Model loaded successfully
  Total parameters: 25,644,133
  Trainable parameters: 25,644,133

Running predictions...
  Threshold: 0.5
  Include scores: True

Generating predictionswith scores...
Saving 1012 predictions to results/balanced_prediction/blur_5_run_142633/predictions_with_scores.json
Predictions saved successfully

Sample prediction:
{
  "id": "15318_16987.png",
  "pred_scores": {
    "sunroof": 1.0,
    "luggage_carrier": 0.002478621667250991,
    "open_cargo_area": 0.04171295836567879,
    "enclosed_cab": 4.944716991417408e-08,
    "spare_wheel": 0.002093010814860463,
    "...": "32 more classes"
  },
  "pred": [
    "sunroof",
    "general_class_small vehicle",
    "color_silver/grey"
  ],
  "true": [
    "sunroof",
    "general_class_small vehicle",
    "sub_class_sedan",
    "color_white"
  ]
}
Predictions complete!

============================================================
PREDICTION METRICS
============================================================
Total samples:     1012
Exact matches:     149 (14.72%)
Partial matches:   800 (79.05%)
Partial + Exact:   949 (93.77%)
No matches:        63
============================================================

Metrics saved to: results/balanced_prediction/blur_5_run_142633/metrics.json

Generating visualizations for 5 samples...
Visualization saved to: results/balanced_prediction/blur_5_run_142633/predictions_visualization.png

Plotting training history...

==================================================
TRAINING HISTORY SUMMARY
==================================================
Final Training Loss:   0.0069
Final Validation Loss: 0.0805
Final MAP:             0.8488
==================================================

Training history saved to: results/balanced_prediction/blur_5_run_142633/training_history.png

============================================================
PREDICTION COMPLETE!
Results saved to: /home/ianr22/capstone_materials/bev_implementation/02456-MAFAT/results/balanced_prediction/blur_5_run_142633
============================================================


========================================================================
Prediction completed successfully!

Results location: ./results/balanced_prediction/blur_5_run_142633
  - predictions.json
  - metrics.json
  - predictions_visualization.png
  - training_history.png (if available)
========================================================================

End Time: Thu Dec  4 04:16:14 PM EST 2025
Job Duration: 122 seconds
Job finished!

========================================================================
